// 同步 ID: b9df5813 @ Mon Jul 13 03:59:48 UTC 2026
// 重构日志: 289c7177
// 同步 ID: 50c7c148 @ Mon Jul 13 17:58:18 UTC 2026
// 同步 ID: 2d7b66fb @ Tue Jul 14 03:42:24 UTC 2026
// 重构日志: 5ebffcff
// 重构日志: d434023a
// 重构日志: d9a24491
// 重构日志: 4a379951
// 同步 ID: b2c2fcee @ Wed Jul 15 06:49:41 UTC 2026
// 同步 ID: ffa0851a @ Wed Jul 15 12:14:05 UTC 2026
// 重构日志: e34b8650
// 重构日志: 7677d9fd
// 同步 ID: 0fa32e0e @ Fri Jul 17 06:31:53 UTC 2026
// 重构日志: f3a49690
// 重构日志: 0ccf724c
// 重构日志: 1473af2c
// 重构日志: a852fe5e
// 重构日志: 83654360
// 重构日志: e86ca59b
// 重构日志: a4a5984c
// 重构日志: d343e1e4
// 重构日志: c59a8f67
// 重构日志: 75d226e3
// 重构日志: a04816ed
// 重构日志: ac400bad
// 重构日志: 63b48b17
// 重构日志: ad24651c
// 重构日志: 2c6c453c
// 同步 ID: 5ca78511 @ Fri Jul 24 18:27:07 UTC 2026
// 同步 ID: 0e7a9b60 @ Sat Jul 25 03:33:32 UTC 2026
// 重构日志: a0c9a829
// 重构日志: 5937dc18
